Component: ARM Compiler 5.06 update 5 (build 528) Tool: armlink [4d35e2]

==============================================================================

Image Symbol Table

    Local Symbols

    Symbol Name                              Value     Ov Type        Size  Object(Section)

    .rev16_text                              0x00000000   Section        4  flashprg.o(.rev16_text)
    ..\..\src\1636RR52.c                     0x00000000   Number         0  1636rr52.o ABSOLUTE
    ..\\..\\src\\1636RR52.c                  0x00000000   Number         0  1636rr52.o ABSOLUTE
    FlashDev.c                               0x00000000   Number         0  flashdev.o ABSOLUTE
    FlashPrg.c                               0x00000000   Number         0  flashprg.o ABSOLUTE
    FlashPrg.c                               0x00000000   Number         0  flashprg.o ABSOLUTE
    FlashStk.s                               0x00000000   Number         0  flashstk.o ABSOLUTE
    .rev16_text                              0x00000004   Section        4  1636rr52.o(.rev16_text)
    .revsh_text                              0x00000008   Section        4  flashprg.o(.revsh_text)
    .revsh_text                              0x0000000c   Section        4  1636rr52.o(.revsh_text)
    .text                                    0x00000010   Section        0  flashprg.o(.text)
    .text                                    0x00000168   Section        0  1636rr52.o(.text)
    .data                                    0x0000045c   Section        2  1636rr52.o(.data)
    .constdata                               0x00000460   Section     4256  flashdev.o(.constdata)

    Global Symbols

    Symbol Name                              Value     Ov Type        Size  Object(Section)

    BuildAttributes$$THM_ISAv4$E$P$D$K$B$S$7EM$PE$A:L22UL41UL21$X:L11$S22US41US21$IEEE1$IW$RWPI$~STKCKD$USESV7$~SHL$OSPACE$ROPI$EBA8$STANDARDLIB$REQ8$PRES8$EABIv2 0x00000000   Number         0  anon$$obj.o ABSOLUTE
    __asm___10_FlashPrg_c_delay____REV16     0x00000001   Thumb Code     4  flashprg.o(.rev16_text)
    __asm___10_1636RR52_c_trash____REV16     0x00000005   Thumb Code     4  1636rr52.o(.rev16_text)
    __asm___10_FlashPrg_c_delay____REVSH     0x00000009   Thumb Code     4  flashprg.o(.revsh_text)
    __asm___10_1636RR52_c_trash____REVSH     0x0000000d   Thumb Code     4  1636rr52.o(.revsh_text)
    delay                                    0x00000011   Thumb Code    10  flashprg.o(.text)
    Init                                     0x0000001b   Thumb Code    84  flashprg.o(.text)
    STACK_SIZE                               0x00000064   Number         0  flashstk.o ABSOLUTE
    UnInit                                   0x0000006f   Thumb Code    48  flashprg.o(.text)
    EraseChip                                0x0000009f   Thumb Code    34  flashprg.o(.text)
    EraseSector                              0x000000c1   Thumb Code    38  flashprg.o(.text)
    ProgramPage                              0x000000e7   Thumb Code    58  flashprg.o(.text)
    Verify                                   0x00000121   Thumb Code    56  flashprg.o(.text)
    delay_mem                                0x00000169   Thumb Code    10  1636rr52.o(.text)
    ssp_deinit                               0x00000173   Thumb Code    20  1636rr52.o(.text)
    clear_fifo                               0x00000187   Thumb Code    14  1636rr52.o(.text)
    write_enable                             0x00000195   Thumb Code    42  1636rr52.o(.text)
    unprotect_sector                         0x000001bf   Thumb Code    56  1636rr52.o(.text)
    ic_chip_init                             0x000001f7   Thumb Code   142  1636rr52.o(.text)
    ic_sector_erase                          0x00000285   Thumb Code    62  1636rr52.o(.text)
    ic_chip_erase                            0x000002c3   Thumb Code    58  1636rr52.o(.text)
    ic_byte_program                          0x000002fd   Thumb Code    66  1636rr52.o(.text)
    ic_read_status                           0x0000033f   Thumb Code    44  1636rr52.o(.text)
    ic_read_id                               0x0000036b   Thumb Code    58  1636rr52.o(.text)
    ic_read_byte                             0x000003a5   Thumb Code    70  1636rr52.o(.text)
    ic_read_array                            0x000003eb   Thumb Code    94  1636rr52.o(.text)
    trash                                    0x0000045c   Data           2  1636rr52.o(.data)
    FlashDevice                              0x00000460   Data        4256  flashdev.o(.constdata)



==============================================================================

Memory Map of the image

  Image entry point : Not specified.

  Load Region PRG (Base: 0x00000000, Size: 0x00000460, Max: 0xffffffff, PI)

    Execution Region PrgCode (Exec base: 0x00000000, Load base: 0x00000000, Size: 0x00000458, Max: 0xffffffff, PI)

    Exec Addr    Load Addr    Size         Type   Attr      Idx    E Section Name        Object

    0x00000000   0x00000000   0x00000004   Code   RO            1    .rev16_text         flashprg.o
    0x00000004   0x00000004   0x00000004   Code   RO           49    .rev16_text         1636rr52.o
    0x00000008   0x00000008   0x00000004   Code   RO            2    .revsh_text         flashprg.o
    0x0000000c   0x0000000c   0x00000004   Code   RO           50    .revsh_text         1636rr52.o
    0x00000010   0x00000010   0x00000158   Code   RO            3    .text               flashprg.o
    0x00000168   0x00000168   0x000002f0   Code   RO           51    .text               1636rr52.o


    Execution Region PrgData (Exec base: 0x00000458, Load base: 0x00000458, Size: 0x00000008, Max: 0xffffffff, PI)

    Exec Addr    Load Addr    Size         Type   Attr      Idx    E Section Name        Object

    0x00000458   0x00000458   0x00000004   Data   RW           92    PDT$$ptr            anon$$obj.o
    0x0000045c   0x0000045c   0x00000002   Data   RW           52    .data               1636rr52.o



  Load Region DSCR (Base: 0x00000460, Size: 0x000010a0, Max: 0xffffffff, PI)

    Execution Region DevDscr (Exec base: 0x00000460, Load base: 0x00000460, Size: 0x000010a0, Max: 0xffffffff, PI)

    Exec Addr    Load Addr    Size         Type   Attr      Idx    E Section Name        Object

    0x00000460   0x00000460   0x000010a0   Data   RO           83    .constdata          flashdev.o


==============================================================================

Image component sizes


      Code (inc. data)   RO Data    RW Data    ZI Data      Debug   Object Name

       760         16          0          2          0       4254   1636rr52.o
         0          0       4256          0          0        498   flashdev.o
       352         16          0          0          0       8073   flashprg.o

    ----------------------------------------------------------------------
      1112         32       4256          8          0      12825   Object Totals
         0          0          0          4          0          0   (incl. Generated)
         0          0          0          2          0          0   (incl. Padding)

    ----------------------------------------------------------------------
         0          0          0          0          0          0   Library Totals
         0          0          0          0          0          0   (incl. Padding)

    ----------------------------------------------------------------------

==============================================================================


      Code (inc. data)   RO Data    RW Data    ZI Data      Debug   

      1112         32       4256          8          0      12629   Grand Totals
      1112         32       4256          8          0      12629   ELF Image Totals
      1112         32       4256          8          0          0   ROM Totals

==============================================================================

    Total RO  Size (Code + RO Data)                 5368 (   5.24kB)
    Total RW  Size (RW Data + ZI Data)                 8 (   0.01kB)
    Total ROM Size (Code + RO Data + RW Data)       5376 (   5.25kB)

==============================================================================

