<html>
<body>
<pre>
<h1>µVision Build Log</h1>
<h2>Tool Versions:</h2>
IDE-Version: µVision V5.24.2.0
Copyright (C) 2017 ARM Ltd and ARM Germany GmbH. All rights reserved.
License Information: Ivan Travnik, CompanyFake, LIC=21E4T-R9XBY-EV91R-KPK4L-ICFL2-KTJLS
 
Tool Versions:
Toolchain:       MDK-ARM Plus  Version: 5.24.1
Toolchain Path:  A:\Keil_v5\ARM\ARMCC\Bin
C Compiler:      Armcc.exe V5.06 update 5 (build 528)
Assembler:       Armasm.exe V5.06 update 5 (build 528)
Linker/Locator:  ArmLink.exe V5.06 update 5 (build 528)
Library Manager: ArmAr.exe V5.06 update 5 (build 528)
Hex Converter:   FromElf.exe V5.06 update 5 (build 528)
CPU DLL:         SARMCM3.DLL V5.24.1
Dialog DLL:      DCM.DLL V1.16.0.0 
<h2>Project:</h2>
Z:\_Projects\milandr\myFLM_2\FLM_Build\VE81_FLM_FlashSPI\VE81_FLM_FlashSPI.uvproj
Project File Date:  04/23/2021

<h2>Output:</h2>
*** Using Compiler 'V5.06 update 5 (build 528)', folder: 'A:\Keil_v5\ARM\ARMCC\Bin'
Build target 'Cortex-M'
compiling FlashPrg.c...
linking...
Program Size: Code=1112 RO-data=4256 RW-data=8 ZI-data=0  
After Build - User command #1: cmd.exe /C copy "NEW_DEVICE.axf" "..\NEW_DEVICE.FLM"
‘ª®¯¨à®¢ ­® ä ©«®¢:         1.
".\NEW_DEVICE.axf" - 0 Error(s), 0 Warning(s).
Build Time Elapsed:  00:00:01
</pre>
</body>
</html>
